// Jest Snapshot v1, https://goo.gl/fbAQLP

exports[`About renders a snapshot properly 1`] = `
<div
  className=""
>
  <h1>
    About
  </h1>
  <hr />
  <br />
  <p>
    Add something relevant here.
  </p>
</div>
`;
