// Jest Snapshot v1, https://goo.gl/fbAQLP

exports[`UsersList renders a snapshot properly 1`] = `
<div>
  <h4
    className="well"
  >
    marka
  </h4>
  <h4
    className="well"
  >
    yunwoo
  </h4>
</div>
`;
